// Jest Snapshot v1, https://goo.gl/fbAQLP

exports[`<CartList /> should render the cart list 1`] = `
.c7 {
  display: -webkit-box;
  display: -webkit-flex;
  display: -ms-flexbox;
  display: flex;
  -webkit-align-items: center;
  -webkit-box-align: center;
  -ms-flex-align: center;
  align-items: center;
  -webkit-box-pack: end;
  -webkit-justify-content: flex-end;
  -ms-flex-pack: end;
  justify-content: flex-end;
  margin-top: 0.8rem;
}

.c9 {
  display: -webkit-inline-box;
  display: -webkit-inline-flex;
  display: -ms-inline-flexbox;
  display: inline-flex;
  font-weight: 600;
  height: 3rem;
  -webkit-align-items: center;
  -webkit-box-align: center;
  -ms-flex-align: center;
  align-items: center;
  color: #FAFAFA;
  padding: 0 0.8rem;
  background-color: #3CD3C1;
  border-radius: 0.4rem;
  margin-right: calc(0.8rem / 2);
}

.c2 {
  padding: 2.4rem;
  border-bottom: 0.1rem solid #EAEAEA;
}

.c3 {
  display: -webkit-box;
  display: -webkit-flex;
  display: -ms-flexbox;
  display: flex;
}

.c4 {
  -webkit-flex-shrink: 0;
  -ms-flex-negative: 0;
  flex-shrink: 0;
  margin-right: 1.2rem;
  width: 9.6rem;
  height: 5.6rem;
}

.c4 img {
  width: 100%;
  height: 100%;
  object-fit: cover;
}

.c8 {
  -webkit-flex-direction: row-reverse;
  -ms-flex-direction: row-reverse;
  flex-direction: row-reverse;
  gap: 0.8rem;
}

.c5 {
  display: -webkit-box;
  display: -webkit-flex;
  display: -ms-flexbox;
  display: flex;
  -webkit-flex-direction: column;
  -ms-flex-direction: column;
  flex-direction: column;
  -webkit-align-items: flex-start;
  -webkit-box-align: flex-start;
  -ms-flex-align: flex-start;
  align-items: flex-start;
}

.c6 {
  font-size: 1.4rem;
  line-height: 1.4rem;
  font-weight: 600;
  color: #030517;
  margin-bottom: 0.8rem;
}

.c0 {
  background: #FAFAFA;
  display: -webkit-box;
  display: -webkit-flex;
  display: -ms-flexbox;
  display: flex;
  -webkit-flex-direction: column;
  -ms-flex-direction: column;
  flex-direction: column;
  -webkit-align-self: start;
  -ms-flex-item-align: start;
  align-self: start;
}

.c1 {
  max-height: 40rem;
  overflow-y: auto;
}

.c10 {
  background: #eee;
  color: #030517;
  font-weight: 600;
  font-size: 1.4rem;
  padding: 2rem;
  display: -webkit-box;
  display: -webkit-flex;
  display: -ms-flexbox;
  display: flex;
  -webkit-align-items: center;
  -webkit-box-align: center;
  -ms-flex-align: center;
  align-items: center;
  -webkit-box-pack: justify;
  -webkit-justify-content: space-between;
  -ms-flex-pack: justify;
  justify-content: space-between;
}

.c11 {
  color: #F231A5;
}

@media (min-width:768px) {
  .c2 {
    display: -webkit-box;
    display: -webkit-flex;
    display: -ms-flexbox;
    display: flex;
  }
}

@media (min-width:768px) {
  .c4 {
    margin-right: 1.6rem;
    width: 15rem;
    height: 7rem;
  }
}

@media (min-width:768px) {
  .c6 {
    font-size: 2rem;
    line-height: 2rem;
  }
}

@media (min-width:768px) {
  .c10 {
    font-size: 1.6rem;
    padding: 2.4rem;
  }
}

<div
  class="c0"
>
  <div
    class="c1"
  >
    <div
      class="c2"
    >
      <div
        class="c3"
      >
        <div
          class="c4"
        >
          <img
            alt="Red Dead Redemption 2"
            src="https://source.unsplash.com/user/willianjusten/151x70"
          />
        </div>
        <div
          class="c5"
        >
          <h3
            class="c6"
          >
            Red Dead Redemption 2
          </h3>
          <div
            class="c7 c8"
            role="price"
          >
            <div
              class="c9"
            >
              $25.00
            </div>
          </div>
        </div>
      </div>
    </div>
    <div
      class="c2"
    >
      <div
        class="c3"
      >
        <div
          class="c4"
        >
          <img
            alt="Borderlands 3"
            src="https://source.unsplash.com/user/willianjusten/151x70"
          />
        </div>
        <div
          class="c5"
        >
          <h3
            class="c6"
          >
            Borderlands 3
          </h3>
          <div
            class="c7 c8"
            role="price"
          >
            <div
              class="c9"
            >
              $40.00
            </div>
          </div>
        </div>
      </div>
    </div>
  </div>
  <div
    class="c10"
  >
    <span>
      Total:
    </span>
    <span
      class="c11"
    >
      $65.00
    </span>
  </div>
</div>
`
